Archive member included to satisfy reference by file (symbol)

/usr/lib/gcc/arm-none-eabi/13.2.1/../../../arm-none-eabi/lib/thumb/v7e-m+fp/hard/libg.a(libc_a-memset.o)
                              /usr/lib/gcc/arm-none-eabi/13.2.1/../../../arm-none-eabi/lib/thumb/v7e-m+fp/hard/crt0.o (memset)
/usr/lib/gcc/arm-none-eabi/13.2.1/../../../arm-none-eabi/lib/thumb/v7e-m+fp/hard/libg.a(libc_a-init.o)
                              /usr/lib/gcc/arm-none-eabi/13.2.1/../../../arm-none-eabi/lib/thumb/v7e-m+fp/hard/crt0.o (__libc_init_array)
/usr/lib/gcc/arm-none-eabi/13.2.1/../../../arm-none-eabi/lib/thumb/v7e-m+fp/hard/libg.a(libc_a-exit.o)
                              /usr/lib/gcc/arm-none-eabi/13.2.1/../../../arm-none-eabi/lib/thumb/v7e-m+fp/hard/crt0.o (exit)
/usr/lib/gcc/arm-none-eabi/13.2.1/../../../arm-none-eabi/lib/thumb/v7e-m+fp/hard/libg.a(libc_a-atexit.o)
                              /usr/lib/gcc/arm-none-eabi/13.2.1/../../../arm-none-eabi/lib/thumb/v7e-m+fp/hard/crt0.o (atexit)
/usr/lib/gcc/arm-none-eabi/13.2.1/../../../arm-none-eabi/lib/thumb/v7e-m+fp/hard/libg.a(libc_a-fini.o)
                              /usr/lib/gcc/arm-none-eabi/13.2.1/../../../arm-none-eabi/lib/thumb/v7e-m+fp/hard/crt0.o (__libc_fini_array)
/usr/lib/gcc/arm-none-eabi/13.2.1/../../../arm-none-eabi/lib/thumb/v7e-m+fp/hard/libg.a(libc_a-__call_atexit.o)
                              /usr/lib/gcc/arm-none-eabi/13.2.1/../../../arm-none-eabi/lib/thumb/v7e-m+fp/hard/libg.a(libc_a-exit.o) (__call_exitprocs)
/usr/lib/gcc/arm-none-eabi/13.2.1/../../../arm-none-eabi/lib/thumb/v7e-m+fp/hard/libg.a(libc_a-__atexit.o)
                              /usr/lib/gcc/arm-none-eabi/13.2.1/../../../arm-none-eabi/lib/thumb/v7e-m+fp/hard/libg.a(libc_a-atexit.o) (__register_exitproc)
/usr/lib/gcc/arm-none-eabi/13.2.1/../../../arm-none-eabi/lib/thumb/v7e-m+fp/hard/libg.a(libc_a-findfp.o)
                              /usr/lib/gcc/arm-none-eabi/13.2.1/../../../arm-none-eabi/lib/thumb/v7e-m+fp/hard/libg.a(libc_a-exit.o) (__stdio_exit_handler)
/usr/lib/gcc/arm-none-eabi/13.2.1/../../../arm-none-eabi/lib/thumb/v7e-m+fp/hard/libg.a(libc_a-fwalk.o)
                              /usr/lib/gcc/arm-none-eabi/13.2.1/../../../arm-none-eabi/lib/thumb/v7e-m+fp/hard/libg.a(libc_a-findfp.o) (_fwalk_sglue)
/usr/lib/gcc/arm-none-eabi/13.2.1/../../../arm-none-eabi/lib/thumb/v7e-m+fp/hard/libg.a(libc_a-impure.o)
                              /usr/lib/gcc/arm-none-eabi/13.2.1/../../../arm-none-eabi/lib/thumb/v7e-m+fp/hard/libg.a(libc_a-findfp.o) (_impure_data)
/usr/lib/gcc/arm-none-eabi/13.2.1/../../../arm-none-eabi/lib/thumb/v7e-m+fp/hard/libg.a(libc_a-mallocr.o)
                              /usr/lib/gcc/arm-none-eabi/13.2.1/../../../arm-none-eabi/lib/thumb/v7e-m+fp/hard/libg.a(libc_a-findfp.o) (_malloc_r)
/usr/lib/gcc/arm-none-eabi/13.2.1/../../../arm-none-eabi/lib/thumb/v7e-m+fp/hard/libg.a(libc_a-freer.o)
                              /usr/lib/gcc/arm-none-eabi/13.2.1/../../../arm-none-eabi/lib/thumb/v7e-m+fp/hard/libg.a(libc_a-mallocr.o) (_free_r)
/usr/lib/gcc/arm-none-eabi/13.2.1/../../../arm-none-eabi/lib/thumb/v7e-m+fp/hard/libg.a(libc_a-fclose.o)
                              /usr/lib/gcc/arm-none-eabi/13.2.1/../../../arm-none-eabi/lib/thumb/v7e-m+fp/hard/libg.a(libc_a-findfp.o) (_fclose_r)
/usr/lib/gcc/arm-none-eabi/13.2.1/../../../arm-none-eabi/lib/thumb/v7e-m+fp/hard/libg.a(libc_a-sysconf.o)
                              /usr/lib/gcc/arm-none-eabi/13.2.1/../../../arm-none-eabi/lib/thumb/v7e-m+fp/hard/libg.a(libc_a-mallocr.o) (sysconf)
/usr/lib/gcc/arm-none-eabi/13.2.1/../../../arm-none-eabi/lib/thumb/v7e-m+fp/hard/libg.a(libc_a-stdio.o)
                              /usr/lib/gcc/arm-none-eabi/13.2.1/../../../arm-none-eabi/lib/thumb/v7e-m+fp/hard/libg.a(libc_a-findfp.o) (__sread)
/usr/lib/gcc/arm-none-eabi/13.2.1/../../../arm-none-eabi/lib/thumb/v7e-m+fp/hard/libg.a(libc_a-writer.o)
                              /usr/lib/gcc/arm-none-eabi/13.2.1/../../../arm-none-eabi/lib/thumb/v7e-m+fp/hard/libg.a(libc_a-stdio.o) (_write_r)
/usr/lib/gcc/arm-none-eabi/13.2.1/../../../arm-none-eabi/lib/thumb/v7e-m+fp/hard/libg.a(libc_a-mlock.o)
                              /usr/lib/gcc/arm-none-eabi/13.2.1/../../../arm-none-eabi/lib/thumb/v7e-m+fp/hard/libg.a(libc_a-mallocr.o) (__malloc_lock)
/usr/lib/gcc/arm-none-eabi/13.2.1/../../../arm-none-eabi/lib/thumb/v7e-m+fp/hard/libg.a(libc_a-sbrkr.o)
                              /usr/lib/gcc/arm-none-eabi/13.2.1/../../../arm-none-eabi/lib/thumb/v7e-m+fp/hard/libg.a(libc_a-mallocr.o) (_sbrk_r)
/usr/lib/gcc/arm-none-eabi/13.2.1/../../../arm-none-eabi/lib/thumb/v7e-m+fp/hard/libg.a(libc_a-closer.o)
                              /usr/lib/gcc/arm-none-eabi/13.2.1/../../../arm-none-eabi/lib/thumb/v7e-m+fp/hard/libg.a(libc_a-stdio.o) (_close_r)
/usr/lib/gcc/arm-none-eabi/13.2.1/../../../arm-none-eabi/lib/thumb/v7e-m+fp/hard/libg.a(libc_a-fflush.o)
[...]
Memory Configuration

Name             Origin             Length             Attributes
FLASH            0x00000000         0x00100000         xr
EXTFLASH         0x12000000         0x08000000         xr
RAM              0x20000000         0x00040000         xrw
CODE_RAM         0x00800000         0x00040000         xrw
*default*        0x00000000         0xffffffff

Linker script and memory map

LOAD /usr/lib/gcc/arm-none-eabi/13.2.1/thumb/v7e-m+fp/hard/crti.o
LOAD /usr/lib/gcc/arm-none-eabi/13.2.1/thumb/v7e-m+fp/hard/crtbegin.o
LOAD /usr/lib/gcc/arm-none-eabi/13.2.1/../../../arm-none-eabi/lib/thumb/v7e-m+fp/hard/crt0.o
LOAD build/main.c.o
LOAD build/system_nrf52.c.o
LOAD build/gcc_startup_nrf52840.S.o
LOAD /usr/lib/gcc/arm-none-eabi/13.2.1/../../../arm-none-eabi/lib/thumb/v7e-m+fp/hard/libstdc++.a
LOAD /usr/lib/gcc/arm-none-eabi/13.2.1/../../../arm-none-eabi/lib/thumb/v7e-m+fp/hard/libm.a
START GROUP
LOAD /usr/lib/gcc/arm-none-eabi/13.2.1/thumb/v7e-m+fp/hard/libgcc.a
LOAD /usr/lib/gcc/arm-none-eabi/13.2.1/../../../arm-none-eabi/lib/thumb/v7e-m+fp/hard/libg.a
LOAD /usr/lib/gcc/arm-none-eabi/13.2.1/../../../arm-none-eabi/lib/thumb/v7e-m+fp/hard/libc.a
END GROUP
START GROUP
LOAD /usr/lib/gcc/arm-none-eabi/13.2.1/thumb/v7e-m+fp/hard/libgcc.a
LOAD /usr/lib/gcc/arm-none-eabi/13.2.1/../../../arm-none-eabi/lib/thumb/v7e-m+fp/hard/libc.a
LOAD /usr/lib/gcc/arm-none-eabi/13.2.1/../../../arm-none-eabi/lib/thumb/v7e-m+fp/hard/libnosys.a
END GROUP
LOAD /usr/lib/gcc/arm-none-eabi/13.2.1/thumb/v7e-m+fp/hard/crtend.o
LOAD /usr/lib/gcc/arm-none-eabi/13.2.1/thumb/v7e-m+fp/hard/crtn.o
START GROUP
LOAD /usr/lib/gcc/arm-none-eabi/13.2.1/thumb/v7e-m+fp/hard/libgcc.a
LOAD /usr/lib/gcc/arm-none-eabi/13.2.1/../../../arm-none-eabi/lib/thumb/v7e-m+fp/hard/libc.a
END GROUP
                0x00000000                        . = ALIGN (ORIGIN (FLASH), 0x4)

.vectors        0x00000000      0x200
                0x00000000                        __vectors_start = .
 *(.isr_vector)
 .isr_vector    0x00000000      0x200 build/gcc_startup_nrf52840.S.o
                0x00000000                __isr_vector
 *(.vectors)
                0x00000200                        __vectors_size = SIZEOF (.vectors)
                0x00000200                        __vectors_end = (__vectors_start + __vectors_size)
                0x00000001                        ASSERT (((__vectors_start == __vectors_end) || ((__vectors_end - ORIGIN (FLASH)) <= LENGTH (FLASH))), error: .vectors is too large to fit in FLASH memory segment)
                0x00000200                        . = ALIGN (0x4)

.ctors          0x00000200        0x0
                0x00000200                        __ctors_start = .
                0x00000200                        __CTOR_LIST__ = .
 *crtbegin*.o(.ctors)
 *(EXCLUDE_FILE(*crtend*.o) .ctors)
 *(SORT_BY_NAME(.ctors.*))
 *(.ctors)
                0x00000200                        __CTOR_END__ = .
                0x00000000                        __ctors_size = SIZEOF (.ctors)
                0x00000200                        __ctors_end = (__ctors_start + __ctors_size)
                0x00000001                        ASSERT (((__ctors_start == __ctors_end) || ((__ctors_end - ORIGIN (FLASH)) <= LENGTH (FLASH))), error: .ctors is too large to fit in FLASH memory segment)
                0x00000200                        . = ALIGN (0x4)

.dtors          0x00000200        0x0
                0x00000200                        __dtors_start = .
                0x00000200                        __DTOR_LIST__ = .
 *crtbegin*.o(.dtors)
 *(EXCLUDE_FILE(*crtend*.o) .dtors)
 *(SORT_BY_NAME(.dtors.*))
 *(.dtors)
                0x00000200                        __DTOR_END__ = .
                0x00000000                        __dtors_size = SIZEOF (.dtors)
                0x00000200                        __dtors_end = (__dtors_start + __dtors_size)
                0x00000001                        ASSERT (((__dtors_start == __dtors_end) || ((__dtors_end - ORIGIN (FLASH)) <= LENGTH (FLASH))), error: .dtors is too large to fit in FLASH memory segment)
                0x00000200                        . = ALIGN (0x4)

.rodata         0x00000200        0x0
                0x00000200                        . = ALIGN (0x4)
                0x00000200                        __rodata_start = .
 *(.rodata*)
 *(.srodata .srodata.*)
                0x00000000                        __rodata_size = SIZEOF (.rodata)
                0x00000200                        __rodata_end = (__rodata_start + __rodata_size)
                0x00000001                        ASSERT (((__rodata_start == __rodata_end) || ((__rodata_end - ORIGIN (FLASH)) <= LENGTH (FLASH))), error: .rodata is too large to fit in FLASH memory segment)

.ARM.exidx      0x00000200        0x8
 .ARM.exidx     0x00000200        0x8 /usr/lib/gcc/arm-none-eabi/13.2.1/../../../arm-none-eabi/lib/thumb/v7e-m+fp/hard/crt0.o
                                 0x10 (size before relaxing)
                0x00000208                        . = ALIGN (0x4)

.text           0x00000208      0x604
                0x00000208                        __text_start = .
 *(.startup)
 *(.startup*)
 *(.text*)
 .text          0x00000208       0x88 /usr/lib/gcc/arm-none-eabi/13.2.1/thumb/v7e-m+fp/hard/crtbegin.o
 .text          0x00000290       0x70 /usr/lib/gcc/arm-none-eabi/13.2.1/../../../arm-none-eabi/lib/thumb/v7e-m+fp/hard/crt0.o
                0x00000290                _stack_init
                0x00000298                _mainCRTStartup
                0x00000298                _start
 .text.startup.main
                0x00000300       0xa4 build/main.c.o
                0x00000300                main
 .text.SystemInit
                0x000003a4      0x14c build/system_nrf52.c.o
                0x000003a4                SystemInit
 .text          0x000004f0       0x84 build/gcc_startup_nrf52840.S.o
                0x000004f0                Reset_Handler
                0x00000560                NMI_Handler
                0x00000562                HardFault_Handler
                0x00000564                MemoryManagement_Handler
                0x00000566                BusFault_Handler
                0x00000568                UsageFault_Handler
                0x0000056a                SVC_Handler
                0x0000056c                DebugMon_Handler
                0x0000056e                PendSV_Handler
                0x00000570                SysTick_Handler
                0x00000572                TIMER2_IRQHandler
                0x00000572                RTC0_IRQHandler
                0x00000572                SWI0_EGU0_IRQHandler
                0x00000572                SWI2_EGU2_IRQHandler
                0x00000572                GPIOTE_IRQHandler
                0x00000572                PWM1_IRQHandler
                0x00000572                POWER_CLOCK_IRQHandler
                0x00000572                RADIO_IRQHandler
                0x00000572                PDM_IRQHandler
                0x00000572                TEMP_IRQHandler
                0x00000572                QDEC_IRQHandler
                0x00000572                TIMER3_IRQHandler
                0x00000572                PWM3_IRQHandler
                0x00000572                FPU_IRQHandler
                0x00000572                USBD_IRQHandler
                0x00000572                SPIM0_SPIS0_TWIM0_TWIS0_SPI0_TWI0_IRQHandler
                0x00000572                UARTE0_UART0_IRQHandler
                0x00000572                TIMER4_IRQHandler
                0x00000572                CRYPTOCELL_IRQHandler
                0x00000572                I2S_IRQHandler
                0x00000572                SWI4_EGU4_IRQHandler
                0x00000572                TIMER0_IRQHandler
                0x00000572                UARTE1_IRQHandler
                0x00000572                TIMER1_IRQHandler
                0x00000572                SPIM3_IRQHandler
                0x00000572                PWM2_IRQHandler
                0x00000572                ECB_IRQHandler
                0x00000572                SPIM1_SPIS1_TWIM1_TWIS1_SPI1_TWI1_IRQHandler
                0x00000572                Default_Handler
                0x00000572                SAADC_IRQHandler
                0x00000572                CCM_AAR_IRQHandler
                0x00000572                WDT_IRQHandler
                0x00000572                SWI5_EGU5_IRQHandler
                0x00000572                RNG_IRQHandler
                0x00000572                RTC2_IRQHandler
                0x00000572                PWM0_IRQHandler
                0x00000572                SWI3_EGU3_IRQHandler
                0x00000572                RTC1_IRQHandler
                0x00000572                SWI1_EGU1_IRQHandler
                0x00000572                SPIM2_SPIS2_SPI2_IRQHandler
                0x00000572                NFCT_IRQHandler
                0x00000572                MWU_IRQHandler
                0x00000572                QSPI_IRQHandler
                0x00000572                COMP_LPCOMP_IRQHandler
 .text          0x00000574       0xa4 /usr/lib/gcc/arm-none-eabi/13.2.1/../../../arm-none-eabi/lib/thumb/v7e-m+fp/hard/libg.a(libc_a-memset.o)
                0x00000574                memset
 .text          0x00000618       0x50 /usr/lib/gcc/arm-none-eabi/13.2.1/../../../arm-none-eabi/lib/thumb/v7e-m+fp/hard/libg.a(libc_a-init.o)
                0x00000618                __libc_init_array
 .text          0x00000668       0x1c /usr/lib/gcc/arm-none-eabi/13.2.1/../../../arm-none-eabi/lib/thumb/v7e-m+fp/hard/libg.a(libc_a-exit.o)
                0x00000668                exit
 .text          0x00000684        0xc /usr/lib/gcc/arm-none-eabi/13.2.1/../../../arm-none-eabi/lib/thumb/v7e-m+fp/hard/libg.a(libc_a-atexit.o)
                0x00000684                atexit
 .text          0x00000690       0x28 /usr/lib/gcc/arm-none-eabi/13.2.1/../../../arm-none-eabi/lib/thumb/v7e-m+fp/hard/libg.a(libc_a-fini.o)
                0x00000690                __libc_fini_array
 .text          0x000006b8       0xb0 /usr/lib/gcc/arm-none-eabi/13.2.1/../../../arm-none-eabi/lib/thumb/v7e-m+fp/hard/libg.a(libc_a-__call_atexit.o)
                0x000006b8                __call_exitprocs
 .text.startup  0x00000768       0x14 /usr/lib/gcc/arm-none-eabi/13.2.1/../../../arm-none-eabi/lib/thumb/v7e-m+fp/hard/libg.a(libc_a-__call_atexit.o)
 .text          0x0000077c       0x64 /usr/lib/gcc/arm-none-eabi/13.2.1/../../../arm-none-eabi/lib/thumb/v7e-m+fp/hard/libg.a(libc_a-__atexit.o)
                0x0000077c                __register_exitproc
 .text          0x000007e0        0x4 /usr/lib/gcc/arm-none-eabi/13.2.1/../../../arm-none-eabi/lib/thumb/v7e-m+fp/hard/libnosys.a(_exit.o)
                0x000007e0                _exit
                0x000007e4                        . = ALIGN (0x4)
 *(.init)
 .init          0x000007e4        0x4 /usr/lib/gcc/arm-none-eabi/13.2.1/thumb/v7e-m+fp/hard/crti.o
                0x000007e4                _init
 .init          0x000007e8        0x8 /usr/lib/gcc/arm-none-eabi/13.2.1/thumb/v7e-m+fp/hard/crtn.o
                0x000007f0                        . = ALIGN (0x4)
                0x000007f0                        __preinit_array_start = .
 *(.preinit_array)
                0x000007f0                        __preinit_array_end = .
                0x000007f0                        . = ALIGN (0x4)
                0x000007f0                        __init_array_start = .
 *(SORT_BY_NAME(.init_array.*))
 .init_array.00000
                0x000007f0        0x4 /usr/lib/gcc/arm-none-eabi/13.2.1/../../../arm-none-eabi/lib/thumb/v7e-m+fp/hard/libg.a(libc_a-__call_atexit.o)
 *(.init_array)
 .init_array    0x000007f4        0x4 /usr/lib/gcc/arm-none-eabi/13.2.1/thumb/v7e-m+fp/hard/crtbegin.o
                0x000007f8                        __init_array_end = .
 *(.fini)
 .fini          0x000007f8        0x4 /usr/lib/gcc/arm-none-eabi/13.2.1/thumb/v7e-m+fp/hard/crti.o
                0x000007f8                _fini
 .fini          0x000007fc        0x8 /usr/lib/gcc/arm-none-eabi/13.2.1/thumb/v7e-m+fp/hard/crtn.o
                0x00000804                        . = ALIGN (0x4)
                0x00000804                        __fini_array_start = .
 *(.fini_array)
 .fini_array    0x00000804        0x4 /usr/lib/gcc/arm-none-eabi/13.2.1/thumb/v7e-m+fp/hard/crtbegin.o
 *(SORT_BY_NAME(.fini_array.*))
                0x00000808                        __fini_array_end = .
                0x00000808                        . = ALIGN (0x4)
 *(.eh_frame*)
 .eh_frame      0x00000808        0x0 /usr/lib/gcc/arm-none-eabi/13.2.1/thumb/v7e-m+fp/hard/crtbegin.o
 .eh_frame      0x00000808        0x4 /usr/lib/gcc/arm-none-eabi/13.2.1/thumb/v7e-m+fp/hard/crtend.o
                0x0000080c                        . = ALIGN (0x4)
 *(.eh_frame_hdr)
                0x0000080c                        . = ALIGN (0x4)
 *(.hash)
 *(.gnu.hash)
                0x0000080c                        . = ALIGN (0x4)
 *(.gnu_extab* .gnu.linkonce.extab.*)
                0x0000080c                        . = ALIGN (0x4)
                0x0000080c                        __exidx_start = .
 *(.gnu_exidx* .gnu.linkonce.exidx.*)
                0x0000080c                        . = ALIGN (0x4)
                0x0000080c                        __exidx_end = .
                0x00000604                        __text_size = SIZEOF (.text)
                0x0000080c                        __text_end = (__text_start + __text_size)
                0x00000001                        ASSERT (((__text_start == __text_end) || ((__text_end - ORIGIN (FLASH)) <= LENGTH (FLASH))), error: .text is too large to fit in FLASH memory segment)

.glue_7         0x0000080c        0x0
 .glue_7        0x0000080c        0x0 linker stubs

.glue_7t        0x0000080c        0x0
 .glue_7t       0x0000080c        0x0 linker stubs

.vfp11_veneer   0x0000080c        0x0
 .vfp11_veneer  0x0000080c        0x0 linker stubs

.v4_bx          0x0000080c        0x0
 .v4_bx         0x0000080c        0x0 linker stubs

.iplt           0x0000080c        0x0
 .iplt          0x0000080c        0x0 /usr/lib/gcc/arm-none-eabi/13.2.1/thumb/v7e-m+fp/hard/crtbegin.o

.rel.dyn        0x0000080c        0x0
 .rel.iplt      0x0000080c        0x0 /usr/lib/gcc/arm-none-eabi/13.2.1/thumb/v7e-m+fp/hard/crtbegin.o
                0x0000080c                        . = ALIGN (0x4)

.copy.table     0x0000080c       0x30
                0x0000080c                        __copy_table_start__ = .
                0x0000080c        0x4 LONG 0x854 __data_load_start
                0x00000810        0x4 LONG 0x20000000 __data_start
                0x00000814        0x4 LONG 0x0 ((__data_end - __data_start) / 0x4)
                0x00000818        0x4 LONG 0x854 __sdata_load_start
                0x0000081c        0x4 LONG 0x20000000 __sdata_start
                0x00000820        0x4 LONG 0x0 ((__sdata_end - __sdata_start) / 0x4)
                0x00000824        0x4 LONG 0x854 __tdata_load_start
                0x00000828        0x4 LONG 0x20000000 __tdata_start
                0x0000082c        0x4 LONG 0x0 ((__tdata_end - __tdata_start) / 0x4)
                0x00000830        0x4 LONG 0x854 __fast_load_start
                0x00000834        0x4 LONG 0x20000000 __fast_start
                0x00000838        0x4 LONG 0x0 ((__fast_end - __fast_start) / 0x4)
                0x0000083c                        __copy_table_end__ = .
                0x0000083c                        . = ALIGN (0x4)

.zero.table     0x0000083c       0x18
                0x0000083c                        __zero_table_start__ = .
                0x0000083c        0x4 LONG 0x20000000 __bss_start
                0x00000840        0x4 LONG 0xbb ((__bss_end - __bss_start) / 0x4)
                0x00000844        0x4 LONG 0x200002ec __sbss_start
                0x00000848        0x4 LONG 0x0 ((__sbss_end - __sbss_start) / 0x4)
                0x0000084c        0x4 LONG 0x200002ec __tbss_start
                0x00000850        0x4 LONG 0x0 ((__tbss_end - __tbss_start) / 0x4)
                0x00000854                        __zero_table_end__ = .
                0x00000854                        . = ALIGN (0x4)
                0x00000854                        __etext = .
                [!provide]                        PROVIDE (etext = .)
                0x00000854                        PROVIDE (_etext = .)
                0x00000854                        . = ALIGN (0x4)
                0x00000854                        __all_data_load_start = .
                0x00000854                        __data_load_start = .

.data           0x20000000        0x0 load address 0x00000854
                0x20000000                        . = ALIGN (0x4)
                0x20000000                        __data_start = .
                0x20000000                        __data_start__ = .
 *(vtable)
 *(.data* .gnu.linkonce.d.*)
                0x20000000                        . = ALIGN (0x4)
 *(.jcr*)
                0x00000000                        __data_size = SIZEOF (.data)
                0x20000000                        __data_end = (__data_start + __data_size)
                0x20000000                        __data_end__ = __data_end
                0x00000854                        __data_load_end = (__data_load_start + __data_size)
                0x00000001                        ASSERT (((__data_load_start == __data_load_end) || ((__data_load_end - ORIGIN (FLASH)) <= LENGTH (FLASH))), error: .data is too large to fit in FLASH memory segment)
                0x00000001                        ASSERT (((__data_start == __data_end) || ((__data_end - ORIGIN (RAM)) <= LENGTH (RAM))), error: .data is too large to fit in RAM memory segment)

.tm_clone_table
                0x20000000        0x0
 .tm_clone_table
                0x20000000        0x0 /usr/lib/gcc/arm-none-eabi/13.2.1/thumb/v7e-m+fp/hard/crtbegin.o
 .tm_clone_table
                0x20000000        0x0 /usr/lib/gcc/arm-none-eabi/13.2.1/thumb/v7e-m+fp/hard/crtend.o

.igot.plt       0x20000000        0x0
 .igot.plt      0x20000000        0x0 /usr/lib/gcc/arm-none-eabi/13.2.1/thumb/v7e-m+fp/hard/crtbegin.o
                0x20000000                        . = ALIGN (0x4)
                0x00000854                        __sdata_load_start = ALIGN (__data_load_end, 0x4)

.sdata          0x20000000        0x0 load address 0x00000854
                0x20000000                        . = ALIGN (0x4)
                0x20000000                        __sdata_start = .
 *(.sdata .sdata.* .gnu.linkonce.s.*)
 *(.sdata2 .sdata2.* .gnu.linkonce.s2.*)
                0x00000000                        __sdata_size = SIZEOF (.sdata)
                0x20000000                        __sdata_end = (__sdata_start + __sdata_size)
                0x00000854                        __sdata_load_end = (__sdata_load_start + __sdata_size)
                0x00000001                        ASSERT (((__sdata_load_start == __sdata_load_end) || ((__sdata_load_end - ORIGIN (FLASH)) <= LENGTH (FLASH))), error: .sdata is too large to fit in FLASH memory segment)
                0x00000001                        ASSERT (((__sdata_start == __sdata_end) || ((__sdata_end - ORIGIN (RAM)) <= LENGTH (RAM))), error: .sdata is too large to fit in RAM memory segment)
                0x20000000                        . = ALIGN (0x4)
                0x00000854                        __tdata_load_start = ALIGN (__sdata_load_end, 0x4)

.tdata          0x20000000        0x0 load address 0x00000854
                0x20000000                        . = ALIGN (0x4)
                0x20000000                        __tdata_start = .
 *(.tdata .tdata.* .gnu.linkonce.td.*)
 *(.stdata .stdata.*)
                0x00000000                        __tdata_size = SIZEOF (.tdata)
                0x20000000                        __tdata_end = (__tdata_start + __tdata_size)
                0x00000854                        __tdata_load_end = (__tdata_load_start + __tdata_size)
                0x00000001                        ASSERT (((__tdata_load_start == __tdata_load_end) || ((__tdata_load_end - ORIGIN (FLASH)) <= LENGTH (FLASH))), error: .tdata is too large to fit in FLASH memory segment)
                0x00000001                        ASSERT (((__tdata_start == __tdata_end) || ((__tdata_end - ORIGIN (RAM)) <= LENGTH (RAM))), error: .tdata is too large to fit in RAM memory segment)
                0x20000000                        . = ALIGN (0x4)
                0x00000854                        __fast_load_start = ALIGN (__tdata_load_end, 0x4)

.fast           0x20000000        0x0 load address 0x00000854
                0x20000000                        . = ALIGN (0x4)
                0x20000000                        __fast_start = .
 *(.fast .fast.*)
 *(.fastcode .fastcode.*)
 *(.fastdata .fastdata.*)
 *(.ramcode*)
                0x00000000                        __fast_size = SIZEOF (.fast)
                0x20000000                        __fast_end = (__fast_start + __fast_size)
                0x00000854                        __fast_load_end = (__fast_load_start + __fast_size)
                0x00000001                        ASSERT (((__fast_load_start == __fast_load_end) || ((__fast_load_end - ORIGIN (FLASH)) <= LENGTH (FLASH))), error: .fast is too large to fit in FLASH memory segment)
                0x00000001                        ASSERT (((__fast_start == __fast_end) || ((__fast_end - ORIGIN (RAM)) <= LENGTH (RAM))), error: .fast is too large to fit in RAM memory segment)
                0x20000000                        . = ALIGN (0x4)
                0x20000000                        _edata = .
                [!provide]                        PROVIDE (edata = .)
                [!provide]                        PROVIDE (__edata = .)
                0x20000000                        . = ALIGN (0x4)

.noinit         0x20000000        0x0
                0x20000000                        __noinit_start = .
                [!provide]                        PROVIDE (__noinit_start__ = .)
 *(.noinit .noinit.*)
 *(.no_init .no_init.*)
 *(.noninit .noninit.*)
 *(.non_init .non_init.*)
                0x20000000                        . = ALIGN (0x4)
                0x00000000                        __noinit_size = SIZEOF (.noinit)
                0x20000000                        __noinit_end = (__noinit_start + __noinit_size)
                0x20000000                        __noinit_end__ = __noinit_end
                0x00000001                        ASSERT (((__noinit_start == __noinit_end) || ((__noinit_end - ORIGIN (RAM)) <= LENGTH (RAM))), error: .noinit is too large to fit in RAM memory segment)
                0x20000000                        . = ALIGN (0x4)

.bss            0x20000000      0x2ec
                0x20000000                        __bss_start = .
                0x20000000                        PROVIDE (__bss_start__ = .)
 *(.bss* .gnu.linkonce.b.*)
 .bss           0x20000000       0x1c /usr/lib/gcc/arm-none-eabi/13.2.1/thumb/v7e-m+fp/hard/crtbegin.o
 .bss           0x2000001c        0x4 /usr/lib/gcc/arm-none-eabi/13.2.1/../../../arm-none-eabi/lib/thumb/v7e-m+fp/hard/libg.a(libc_a-__call_atexit.o)
                0x2000001c                __atexit
 .bss           0x20000020      0x190 /usr/lib/gcc/arm-none-eabi/13.2.1/../../../arm-none-eabi/lib/thumb/v7e-m+fp/hard/libg.a(libc_a-__atexit.o)
                0x20000020                __atexit0
 .bss           0x200001b0      0x13c /usr/lib/gcc/arm-none-eabi/13.2.1/../../../arm-none-eabi/lib/thumb/v7e-m+fp/hard/libg.a(libc_a-findfp.o)
                0x200001b0                __sf
                0x200002e8                __stdio_exit_handler
 *(.dynbss)
 *(COMMON)
                0x200002ec                        . = ALIGN (0x4)
                0x000002ec                        __bss_size = SIZEOF (.bss)
                0x200002ec                        __bss_end = (__bss_start + __bss_size)
                0x200002ec                        __bss_end__ = __bss_end
                0x00000001                        ASSERT (((__bss_start == __bss_end) || ((__bss_end - ORIGIN (RAM)) <= LENGTH (RAM))), error: .bss is too large to fit in RAM memory segment)
                0x200002ec                        . = ALIGN (0x4)

.sbss           0x200002ec        0x0
                0x200002ec                        __sbss_start = .
                0x200002ec                        __sbss_start__ = __sbss_start
 *(.sbss .sbss.* .gnu.linkonce.sb.*)
 *(.sbss2 .sbss2.* .gnu.linkonce.sb2.*)
 *(.dynsbss)
                0x200002ec                        . = ALIGN (0x4)
                0x00000000                        __sbss_size = SIZEOF (.sbss)
                0x200002ec                        __sbss_end = (__sbss_start + __sbss_size)
                0x200002ec                        __sbss_end__ = __sbss_end
                0x00000001                        ASSERT (((__sbss_start == __sbss_end) || ((__sbss_end - ORIGIN (RAM)) <= LENGTH (RAM))), error: .sbss is too large to fit in RAM memory segment)
                0x200002ec                        . = ALIGN (0x4)

.tbss           0x200002ec        0x0
                0x200002ec                        __tbss_start = .
                0x200002ec                        __tbss_start__ = __tbss_start
                0x200002ec                        . = ALIGN (0x4)
 *(.tbss .tbss.* .gnu.linkonce.tb.*)
 *(.tcommon)
 *(.stbss .stbss.*)
                0x200002ec                        . = ALIGN (0x4)
                0x00000000                        __tbss_size = SIZEOF (.tbss)
                0x200002ec                        __tbss_end = (__tbss_start + __tbss_size)
                0x200002ec                        __tbss_end__ = __tbss_end
                0x00000001                        ASSERT (((__tbss_start == __tbss_end) || ((__tbss_end - ORIGIN (RAM)) <= LENGTH (RAM))), error: .tbss is too large to fit in RAM memory segment)
                0x200002ec                        . = ALIGN (0x4)
                0x200002ec                        . = SEGMENT_START ("ldata-segment", .)
                0x200002ec                        . = ALIGN (0x4)

.heap           0x200002ec     0x4004
                0x200002ec                        __heap_start = .
                0x200002ec                        __HeapBase = .
                0x200002ec                        __heap_base = .
                0x200002ec                        __end = .
                0x200002ec                        PROVIDE (end = .)
                [!provide]                        PROVIDE (_end = .)
                [!provide]                        PROVIDE (__end__ = .)
 *(.heap*)
 *fill*         0x200002ec        0x4 
 .heap          0x200002f0     0x4000 build/gcc_startup_nrf52840.S.o
                0x200042f0                        __HeapLimit = .
                0x200042f0                        __heap_limit = .
                0x200042f0                        __heap_end = .

.stack_dummy    0x200002f0     0x4000
 *(.stack*)
 .stack         0x200002f0     0x4000 build/gcc_startup_nrf52840.S.o
                0x20040000                        __stack_end = (ORIGIN (RAM) + LENGTH (RAM))
                0x20040000                        __StackTop = (ORIGIN (RAM) + LENGTH (RAM))
                0x2003c000                        __StackLimit = (__StackTop - SIZEOF (.stack_dummy))
                0x20040000                        PROVIDE (__stack = __StackTop)
                0x00000001                        ASSERT ((__StackLimit >= __HeapLimit), region RAM overflowed with stack)
                0x00000000                        DataInitFlashUsed = (__bss_start - __data_start)
                0x00000854                        CodeFlashUsed = (_etext - ORIGIN (FLASH))
                0x00000854                        TotalFlashUsed = (CodeFlashUsed + DataInitFlashUsed)
                0x00000001                        ASSERT ((TotalFlashUsed <= LENGTH (FLASH)), region FLASH overflowed with .data and user data)
OUTPUT(build/build.elf elf32-littlearm)
LOAD linker stubs

.ARM.attributes
                0x00000000       0x30
 .ARM.attributes
                0x00000000       0x22 /usr/lib/gcc/arm-none-eabi/13.2.1/thumb/v7e-m+fp/hard/crti.o
 .ARM.attributes
                0x00000022       0x34 /usr/lib/gcc/arm-none-eabi/13.2.1/thumb/v7e-m+fp/hard/crtbegin.o
 .ARM.attributes
                0x00000056       0x20 /usr/lib/gcc/arm-none-eabi/13.2.1/../../../arm-none-eabi/lib/thumb/v7e-m+fp/hard/crt0.o
 .ARM.attributes
                0x00000076       0x34 build/main.c.o
 .ARM.attributes
                0x000000aa       0x34 build/system_nrf52.c.o
 .ARM.attributes
                0x000000de       0x20 build/gcc_startup_nrf52840.S.o
 .ARM.attributes
                0x000000fe       0x34 /usr/lib/gcc/arm-none-eabi/13.2.1/../../../arm-none-eabi/lib/thumb/v7e-m+fp/hard/libg.a(libc_a-memset.o)
 .ARM.attributes
                0x00000132       0x34 /usr/lib/gcc/arm-none-eabi/13.2.1/../../../arm-none-eabi/lib/thumb/v7e-m+fp/hard/libg.a(libc_a-init.o)
 .ARM.attributes
                0x00000166       0x34 /usr/lib/gcc/arm-none-eabi/13.2.1/../../../arm-none-eabi/lib/thumb/v7e-m+fp/hard/libg.a(libc_a-exit.o)
 .ARM.attributes
                0x0000019a       0x34 /usr/lib/gcc/arm-none-eabi/13.2.1/../../../arm-none-eabi/lib/thumb/v7e-m+fp/hard/libg.a(libc_a-atexit.o)
 .ARM.attributes
                0x000001ce       0x34 /usr/lib/gcc/arm-none-eabi/13.2.1/../../../arm-none-eabi/lib/thumb/v7e-m+fp/hard/libg.a(libc_a-fini.o)
 .ARM.attributes
                0x00000202       0x34 /usr/lib/gcc/arm-none-eabi/13.2.1/../../../arm-none-eabi/lib/thumb/v7e-m+fp/hard/libg.a(libc_a-__call_atexit.o)
 .ARM.attributes
                0x00000236       0x34 /usr/lib/gcc/arm-none-eabi/13.2.1/../../../arm-none-eabi/lib/thumb/v7e-m+fp/hard/libg.a(libc_a-__atexit.o)
 .ARM.attributes
                0x0000026a       0x34 /usr/lib/gcc/arm-none-eabi/13.2.1/../../../arm-none-eabi/lib/thumb/v7e-m+fp/hard/libg.a(libc_a-findfp.o)
 .ARM.attributes
                0x0000029e       0x34 /usr/lib/gcc/arm-none-eabi/13.2.1/../../../arm-none-eabi/lib/thumb/v7e-m+fp/hard/libnosys.a(_exit.o)
 .ARM.attributes
                0x000002d2       0x34 /usr/lib/gcc/arm-none-eabi/13.2.1/thumb/v7e-m+fp/hard/crtend.o
 .ARM.attributes
                0x00000306       0x22 /usr/lib/gcc/arm-none-eabi/13.2.1/thumb/v7e-m+fp/hard/crtn.o

.comment        0x00000000       0x26
 .comment       0x00000000       0x26 /usr/lib/gcc/arm-none-eabi/13.2.1/thumb/v7e-m+fp/hard/crtbegin.o
                                 0x27 (size before relaxing)
 .comment       0x00000026       0x27 build/main.c.o
 .comment       0x00000026       0x27 build/system_nrf52.c.o
 .comment       0x00000026       0x27 /usr/lib/gcc/arm-none-eabi/13.2.1/../../../arm-none-eabi/lib/thumb/v7e-m+fp/hard/libg.a(libc_a-memset.o)
 .comment       0x00000026       0x27 /usr/lib/gcc/arm-none-eabi/13.2.1/../../../arm-none-eabi/lib/thumb/v7e-m+fp/hard/libg.a(libc_a-init.o)
 .comment       0x00000026       0x27 /usr/lib/gcc/arm-none-eabi/13.2.1/../../../arm-none-eabi/lib/thumb/v7e-m+fp/hard/libg.a(libc_a-exit.o)
 .comment       0x00000026       0x27 /usr/lib/gcc/arm-none-eabi/13.2.1/../../../arm-none-eabi/lib/thumb/v7e-m+fp/hard/libg.a(libc_a-atexit.o)
 .comment       0x00000026       0x27 /usr/lib/gcc/arm-none-eabi/13.2.1/../../../arm-none-eabi/lib/thumb/v7e-m+fp/hard/libg.a(libc_a-fini.o)
 .comment       0x00000026       0x27 /usr/lib/gcc/arm-none-eabi/13.2.1/../../../arm-none-eabi/lib/thumb/v7e-m+fp/hard/libg.a(libc_a-__call_atexit.o)
 .comment       0x00000026       0x27 /usr/lib/gcc/arm-none-eabi/13.2.1/../../../arm-none-eabi/lib/thumb/v7e-m+fp/hard/libg.a(libc_a-__atexit.o)
 .comment       0x00000026       0x27 /usr/lib/gcc/arm-none-eabi/13.2.1/../../../arm-none-eabi/lib/thumb/v7e-m+fp/hard/libg.a(libc_a-findfp.o)
 .comment       0x00000026       0x27 /usr/lib/gcc/arm-none-eabi/13.2.1/../../../arm-none-eabi/lib/thumb/v7e-m+fp/hard/libnosys.a(_exit.o)
 .comment       0x00000026       0x27 /usr/lib/gcc/arm-none-eabi/13.2.1/thumb/v7e-m+fp/hard/crtend.o

.debug_line     0x00000000     0x189d
 .debug_line    0x00000000       0x75 /usr/lib/gcc/arm-none-eabi/13.2.1/../../../arm-none-eabi/lib/thumb/v7e-m+fp/hard/crt0.o
 .debug_line    0x00000075      0x3a1 build/main.c.o
 .debug_line    0x00000416      0x53b build/system_nrf52.c.o
 .debug_line    0x00000951       0x7f build/gcc_startup_nrf52840.S.o
 .debug_line    0x000009d0      0x1b6 /usr/lib/gcc/arm-none-eabi/13.2.1/../../../arm-none-eabi/lib/thumb/v7e-m+fp/hard/libg.a(libc_a-memset.o)
 .debug_line    0x00000b86      0x11e /usr/lib/gcc/arm-none-eabi/13.2.1/../../../arm-none-eabi/lib/thumb/v7e-m+fp/hard/libg.a(libc_a-init.o)
 .debug_line    0x00000ca4      0x139 /usr/lib/gcc/arm-none-eabi/13.2.1/../../../arm-none-eabi/lib/thumb/v7e-m+fp/hard/libg.a(libc_a-exit.o)
 .debug_line    0x00000ddd       0xc3 /usr/lib/gcc/arm-none-eabi/13.2.1/../../../arm-none-eabi/lib/thumb/v7e-m+fp/hard/libg.a(libc_a-atexit.o)
 .debug_line    0x00000ea0       0xd2 /usr/lib/gcc/arm-none-eabi/13.2.1/../../../arm-none-eabi/lib/thumb/v7e-m+fp/hard/libg.a(libc_a-fini.o)
 .debug_line    0x00000f72      0x27f /usr/lib/gcc/arm-none-eabi/13.2.1/../../../arm-none-eabi/lib/thumb/v7e-m+fp/hard/libg.a(libc_a-__call_atexit.o)
 .debug_line    0x000011f1      0x14f /usr/lib/gcc/arm-none-eabi/13.2.1/../../../arm-none-eabi/lib/thumb/v7e-m+fp/hard/libg.a(libc_a-__atexit.o)
 .debug_line    0x00001340      0x4fc /usr/lib/gcc/arm-none-eabi/13.2.1/../../../arm-none-eabi/lib/thumb/v7e-m+fp/hard/libg.a(libc_a-findfp.o)
 .debug_line    0x0000183c       0x61 /usr/lib/gcc/arm-none-eabi/13.2.1/../../../arm-none-eabi/lib/thumb/v7e-m+fp/hard/libnosys.a(_exit.o)

.debug_line_str
                0x00000000       0xa4
 .debug_line_str
                0x00000000       0xa4 /usr/lib/gcc/arm-none-eabi/13.2.1/../../../arm-none-eabi/lib/thumb/v7e-m+fp/hard/crt0.o
                                 0x82 (size before relaxing)
 .debug_line_str
                0x000000a4       0x22 build/gcc_startup_nrf52840.S.o

.debug_info     0x00000000     0x34b9
 .debug_info    0x00000000       0x24 /usr/lib/gcc/arm-none-eabi/13.2.1/../../../arm-none-eabi/lib/thumb/v7e-m+fp/hard/crt0.o
 .debug_info    0x00000024      0x230 build/main.c.o
 .debug_info    0x00000254     0x1654 build/system_nrf52.c.o
 .debug_info    0x000018a8      0x2e5 build/gcc_startup_nrf52840.S.o
 .debug_info    0x00001b8d      0x135 /usr/lib/gcc/arm-none-eabi/13.2.1/../../../arm-none-eabi/lib/thumb/v7e-m+fp/hard/libg.a(libc_a-memset.o)
 .debug_info    0x00001cc2      0x10b /usr/lib/gcc/arm-none-eabi/13.2.1/../../../arm-none-eabi/lib/thumb/v7e-m+fp/hard/libg.a(libc_a-init.o)
 .debug_info    0x00001dcd      0x10a /usr/lib/gcc/arm-none-eabi/13.2.1/../../../arm-none-eabi/lib/thumb/v7e-m+fp/hard/libg.a(libc_a-exit.o)
 .debug_info    0x00001ed7      0x11e /usr/lib/gcc/arm-none-eabi/13.2.1/../../../arm-none-eabi/lib/thumb/v7e-m+fp/hard/libg.a(libc_a-atexit.o)
 .debug_info    0x00001ff5       0xf7 /usr/lib/gcc/arm-none-eabi/13.2.1/../../../arm-none-eabi/lib/thumb/v7e-m+fp/hard/libg.a(libc_a-fini.o)
 .debug_info    0x000020ec      0x284 /usr/lib/gcc/arm-none-eabi/13.2.1/../../../arm-none-eabi/lib/thumb/v7e-m+fp/hard/libg.a(libc_a-__call_atexit.o)
 .debug_info    0x00002370      0x1fd /usr/lib/gcc/arm-none-eabi/13.2.1/../../../arm-none-eabi/lib/thumb/v7e-m+fp/hard/libg.a(libc_a-__atexit.o)
 .debug_info    0x0000256d      0xea8 /usr/lib/gcc/arm-none-eabi/13.2.1/../../../arm-none-eabi/lib/thumb/v7e-m+fp/hard/libg.a(libc_a-findfp.o)
 .debug_info    0x00003415       0xa4 /usr/lib/gcc/arm-none-eabi/13.2.1/../../../arm-none-eabi/lib/thumb/v7e-m+fp/hard/libnosys.a(_exit.o)

.debug_abbrev   0x00000000     0x102f
 .debug_abbrev  0x00000000       0x14 /usr/lib/gcc/arm-none-eabi/13.2.1/../../../arm-none-eabi/lib/thumb/v7e-m+fp/hard/crt0.o
 .debug_abbrev  0x00000014      0x139 build/main.c.o
 .debug_abbrev  0x0000014d      0x2f5 build/system_nrf52.c.o
 .debug_abbrev  0x00000442       0x28 build/gcc_startup_nrf52840.S.o
 .debug_abbrev  0x0000046a       0xb7 /usr/lib/gcc/arm-none-eabi/13.2.1/../../../arm-none-eabi/lib/thumb/v7e-m+fp/hard/libg.a(libc_a-memset.o)
 .debug_abbrev  0x00000521       0xc9 /usr/lib/gcc/arm-none-eabi/13.2.1/../../../arm-none-eabi/lib/thumb/v7e-m+fp/hard/libg.a(libc_a-init.o)
 .debug_abbrev  0x000005ea       0xd5 /usr/lib/gcc/arm-none-eabi/13.2.1/../../../arm-none-eabi/lib/thumb/v7e-m+fp/hard/libg.a(libc_a-exit.o)
 .debug_abbrev  0x000006bf       0xc1 /usr/lib/gcc/arm-none-eabi/13.2.1/../../../arm-none-eabi/lib/thumb/v7e-m+fp/hard/libg.a(libc_a-atexit.o)
 .debug_abbrev  0x00000780       0xcc /usr/lib/gcc/arm-none-eabi/13.2.1/../../../arm-none-eabi/lib/thumb/v7e-m+fp/hard/libg.a(libc_a-fini.o)
 .debug_abbrev  0x0000084c      0x1dd /usr/lib/gcc/arm-none-eabi/13.2.1/../../../arm-none-eabi/lib/thumb/v7e-m+fp/hard/libg.a(libc_a-__call_atexit.o)
 .debug_abbrev  0x00000a29      0x157 /usr/lib/gcc/arm-none-eabi/13.2.1/../../../arm-none-eabi/lib/thumb/v7e-m+fp/hard/libg.a(libc_a-__atexit.o)
 .debug_abbrev  0x00000b80      0x446 /usr/lib/gcc/arm-none-eabi/13.2.1/../../../arm-none-eabi/lib/thumb/v7e-m+fp/hard/libg.a(libc_a-findfp.o)
 .debug_abbrev  0x00000fc6       0x69 /usr/lib/gcc/arm-none-eabi/13.2.1/../../../arm-none-eabi/lib/thumb/v7e-m+fp/hard/libnosys.a(_exit.o)

.debug_aranges  0x00000000      0x1c0
 .debug_aranges
                0x00000000       0x20 /usr/lib/gcc/arm-none-eabi/13.2.1/../../../arm-none-eabi/lib/thumb/v7e-m+fp/hard/crt0.o
 .debug_aranges
                0x00000020       0x20 build/main.c.o
 .debug_aranges
                0x00000040       0x38 build/system_nrf52.c.o
 .debug_aranges
                0x00000078       0x20 build/gcc_startup_nrf52840.S.o
 .debug_aranges
                0x00000098       0x20 /usr/lib/gcc/arm-none-eabi/13.2.1/../../../arm-none-eabi/lib/thumb/v7e-m+fp/hard/libg.a(libc_a-memset.o)
 .debug_aranges
                0x000000b8       0x20 /usr/lib/gcc/arm-none-eabi/13.2.1/../../../arm-none-eabi/lib/thumb/v7e-m+fp/hard/libg.a(libc_a-init.o)
 .debug_aranges
                0x000000d8       0x20 /usr/lib/gcc/arm-none-eabi/13.2.1/../../../arm-none-eabi/lib/thumb/v7e-m+fp/hard/libg.a(libc_a-exit.o)
 .debug_aranges
                0x000000f8       0x20 /usr/lib/gcc/arm-none-eabi/13.2.1/../../../arm-none-eabi/lib/thumb/v7e-m+fp/hard/libg.a(libc_a-atexit.o)
 .debug_aranges
                0x00000118       0x20 /usr/lib/gcc/arm-none-eabi/13.2.1/../../../arm-none-eabi/lib/thumb/v7e-m+fp/hard/libg.a(libc_a-fini.o)
 .debug_aranges
                0x00000138       0x28 /usr/lib/gcc/arm-none-eabi/13.2.1/../../../arm-none-eabi/lib/thumb/v7e-m+fp/hard/libg.a(libc_a-__call_atexit.o)
 .debug_aranges
                0x00000160       0x20 /usr/lib/gcc/arm-none-eabi/13.2.1/../../../arm-none-eabi/lib/thumb/v7e-m+fp/hard/libg.a(libc_a-__atexit.o)
 .debug_aranges
                0x00000180       0x20 /usr/lib/gcc/arm-none-eabi/13.2.1/../../../arm-none-eabi/lib/thumb/v7e-m+fp/hard/libg.a(libc_a-findfp.o)
 .debug_aranges
                0x000001a0       0x20 /usr/lib/gcc/arm-none-eabi/13.2.1/../../../arm-none-eabi/lib/thumb/v7e-m+fp/hard/libnosys.a(_exit.o)

.debug_str      0x00000000    0x7e9c7
 .debug_str     0x00000000    0x7e9c7 /usr/lib/gcc/arm-none-eabi/13.2.1/../../../arm-none-eabi/lib/thumb/v7e-m+fp/hard/crt0.o
                                 0x8e (size before relaxing)
 .debug_str     0x0007e9c7    0x79286 build/main.c.o
 .debug_str     0x0007e9c7    0x7b432 build/system_nrf52.c.o
 .debug_str     0x0007e9c7      0x420 build/gcc_startup_nrf52840.S.o
 .debug_str     0x0007e9c7      0x1a8 /usr/lib/gcc/arm-none-eabi/13.2.1/../../../arm-none-eabi/lib/thumb/v7e-m+fp/hard/libg.a(libc_a-memset.o)
 .debug_str     0x0007e9c7      0x1f5 /usr/lib/gcc/arm-none-eabi/13.2.1/../../../arm-none-eabi/lib/thumb/v7e-m+fp/hard/libg.a(libc_a-init.o)
 .debug_str     0x0007e9c7      0x1ba /usr/lib/gcc/arm-none-eabi/13.2.1/../../../arm-none-eabi/lib/thumb/v7e-m+fp/hard/libg.a(libc_a-exit.o)
 .debug_str     0x0007e9c7      0x1d1 /usr/lib/gcc/arm-none-eabi/13.2.1/../../../arm-none-eabi/lib/thumb/v7e-m+fp/hard/libg.a(libc_a-atexit.o)
 .debug_str     0x0007e9c7      0x1cb /usr/lib/gcc/arm-none-eabi/13.2.1/../../../arm-none-eabi/lib/thumb/v7e-m+fp/hard/libg.a(libc_a-fini.o)
 .debug_str     0x0007e9c7      0x25e /usr/lib/gcc/arm-none-eabi/13.2.1/../../../arm-none-eabi/lib/thumb/v7e-m+fp/hard/libg.a(libc_a-__call_atexit.o)
 .debug_str     0x0007e9c7      0x23c /usr/lib/gcc/arm-none-eabi/13.2.1/../../../arm-none-eabi/lib/thumb/v7e-m+fp/hard/libg.a(libc_a-__atexit.o)
 .debug_str     0x0007e9c7      0x6af /usr/lib/gcc/arm-none-eabi/13.2.1/../../../arm-none-eabi/lib/thumb/v7e-m+fp/hard/libg.a(libc_a-findfp.o)
 .debug_str     0x0007e9c7      0x169 /usr/lib/gcc/arm-none-eabi/13.2.1/../../../arm-none-eabi/lib/thumb/v7e-m+fp/hard/libnosys.a(_exit.o)

.debug_loclists
                0x00000000      0x821
 .debug_loclists
                0x00000000       0x84 build/main.c.o
 .debug_loclists
                0x00000084      0x122 build/system_nrf52.c.o
 .debug_loclists
                0x000001a6      0x1c2 /usr/lib/gcc/arm-none-eabi/13.2.1/../../../arm-none-eabi/lib/thumb/v7e-m+fp/hard/libg.a(libc_a-memset.o)
 .debug_loclists
                0x00000368       0x65 /usr/lib/gcc/arm-none-eabi/13.2.1/../../../arm-none-eabi/lib/thumb/v7e-m+fp/hard/libg.a(libc_a-init.o)
 .debug_loclists
                0x000003cd       0x1b /usr/lib/gcc/arm-none-eabi/13.2.1/../../../arm-none-eabi/lib/thumb/v7e-m+fp/hard/libg.a(libc_a-exit.o)
 .debug_loclists
                0x000003e8       0x2b /usr/lib/gcc/arm-none-eabi/13.2.1/../../../arm-none-eabi/lib/thumb/v7e-m+fp/hard/libg.a(libc_a-atexit.o)
 .debug_loclists
                0x00000413       0x42 /usr/lib/gcc/arm-none-eabi/13.2.1/../../../arm-none-eabi/lib/thumb/v7e-m+fp/hard/libg.a(libc_a-fini.o)
 .debug_loclists
                0x00000455      0x102 /usr/lib/gcc/arm-none-eabi/13.2.1/../../../arm-none-eabi/lib/thumb/v7e-m+fp/hard/libg.a(libc_a-__call_atexit.o)
 .debug_loclists
                0x00000557       0xe6 /usr/lib/gcc/arm-none-eabi/13.2.1/../../../arm-none-eabi/lib/thumb/v7e-m+fp/hard/libg.a(libc_a-__atexit.o)
 .debug_loclists
                0x0000063d      0x1d0 /usr/lib/gcc/arm-none-eabi/13.2.1/../../../arm-none-eabi/lib/thumb/v7e-m+fp/hard/libg.a(libc_a-findfp.o)
 .debug_loclists
                0x0000080d       0x14 /usr/lib/gcc/arm-none-eabi/13.2.1/../../../arm-none-eabi/lib/thumb/v7e-m+fp/hard/libnosys.a(_exit.o)

.debug_rnglists
                0x00000000      0x13a
 .debug_rnglists
                0x00000000       0x24 build/main.c.o
 .debug_rnglists
                0x00000024       0x65 build/system_nrf52.c.o
 .debug_rnglists
                0x00000089       0x3a /usr/lib/gcc/arm-none-eabi/13.2.1/../../../arm-none-eabi/lib/thumb/v7e-m+fp/hard/libg.a(libc_a-__call_atexit.o)
 .debug_rnglists
                0x000000c3       0x77 /usr/lib/gcc/arm-none-eabi/13.2.1/../../../arm-none-eabi/lib/thumb/v7e-m+fp/hard/libg.a(libc_a-findfp.o)

.debug_macro    0x00000000    0x15d29
 .debug_macro   0x00000000      0x1dd build/main.c.o
 .debug_macro   0x000001dd      0xad8 build/main.c.o
 .debug_macro   0x00000cb5       0x22 build/main.c.o
 .debug_macro   0x00000cd7       0x60 build/main.c.o
 .debug_macro   0x00000d37       0x2a build/main.c.o
 .debug_macro   0x00000d61       0x94 build/main.c.o
 .debug_macro   0x00000df5       0x3c build/main.c.o
 .debug_macro   0x00000e31       0x34 build/main.c.o
 .debug_macro   0x00000e65       0x16 build/main.c.o
 .debug_macro   0x00000e7b       0x57 build/main.c.o
 .debug_macro   0x00000ed2       0x9e build/main.c.o
 .debug_macro   0x00000f70      0x370 build/main.c.o
 .debug_macro   0x000012e0      0x112 build/main.c.o
 .debug_macro   0x000013f2       0x10 build/main.c.o
 .debug_macro   0x00001402       0x16 build/main.c.o
 .debug_macro   0x00001418       0x4a build/main.c.o
 .debug_macro   0x00001462       0x34 build/main.c.o
 .debug_macro   0x00001496       0x10 build/main.c.o
 .debug_macro   0x000014a6       0x52 build/main.c.o
 .debug_macro   0x000014f8      0x1de build/main.c.o
 .debug_macro   0x000016d6       0x16 build/main.c.o
 .debug_macro   0x000016ec       0x16 build/main.c.o
 .debug_macro   0x00001702      0x170 build/main.c.o
 .debug_macro   0x00001872      0x34e build/main.c.o
 .debug_macro   0x00001bc0       0x16 build/main.c.o
 .debug_macro   0x00001bd6       0x3c build/main.c.o
 .debug_macro   0x00001c12       0x16 build/main.c.o
 .debug_macro   0x00001c28       0x29 build/main.c.o
 .debug_macro   0x00001c51       0x22 build/main.c.o
 .debug_macro   0x00001c73       0x42 build/main.c.o
 .debug_macro   0x00001cb5       0x1c build/main.c.o
 .debug_macro   0x00001cd1       0x22 build/main.c.o
 .debug_macro   0x00001cf3      0x107 build/main.c.o
 .debug_macro   0x00001dfa     0x1057 build/main.c.o
 .debug_macro   0x00002e51      0x11f build/main.c.o
 .debug_macro   0x00002f70      0x410 build/main.c.o
 .debug_macro   0x00003380    0x10d78 build/main.c.o
 .debug_macro   0x000140f8      0xa63 build/main.c.o
 .debug_macro   0x00014b5b       0x94 build/main.c.o
 .debug_macro   0x00014bef       0x6a build/main.c.o
 .debug_macro   0x00014c59      0x11f build/system_nrf52.c.o
 .debug_macro   0x00014d78       0x22 build/system_nrf52.c.o
 .debug_macro   0x00014d9a      0x45d build/system_nrf52.c.o
 .debug_macro   0x000151f7      0xb32 build/system_nrf52.c.o

.debug_frame    0x00000000      0x2fc
 .debug_frame   0x00000000       0x30 build/main.c.o
 .debug_frame   0x00000030       0x5c build/system_nrf52.c.o
 .debug_frame   0x0000008c       0x2c /usr/lib/gcc/arm-none-eabi/13.2.1/../../../arm-none-eabi/lib/thumb/v7e-m+fp/hard/libg.a(libc_a-memset.o)
 .debug_frame   0x000000b8       0x2c /usr/lib/gcc/arm-none-eabi/13.2.1/../../../arm-none-eabi/lib/thumb/v7e-m+fp/hard/libg.a(libc_a-init.o)
 .debug_frame   0x000000e4       0x28 /usr/lib/gcc/arm-none-eabi/13.2.1/../../../arm-none-eabi/lib/thumb/v7e-m+fp/hard/libg.a(libc_a-exit.o)
 .debug_frame   0x0000010c       0x20 /usr/lib/gcc/arm-none-eabi/13.2.1/../../../arm-none-eabi/lib/thumb/v7e-m+fp/hard/libg.a(libc_a-atexit.o)
 .debug_frame   0x0000012c       0x34 /usr/lib/gcc/arm-none-eabi/13.2.1/../../../arm-none-eabi/lib/thumb/v7e-m+fp/hard/libg.a(libc_a-fini.o)
 .debug_frame   0x00000160       0x54 /usr/lib/gcc/arm-none-eabi/13.2.1/../../../arm-none-eabi/lib/thumb/v7e-m+fp/hard/libg.a(libc_a-__call_atexit.o)
 .debug_frame   0x000001b4       0x34 /usr/lib/gcc/arm-none-eabi/13.2.1/../../../arm-none-eabi/lib/thumb/v7e-m+fp/hard/libg.a(libc_a-__atexit.o)
 .debug_frame   0x000001e8       0xf4 /usr/lib/gcc/arm-none-eabi/13.2.1/../../../arm-none-eabi/lib/thumb/v7e-m+fp/hard/libg.a(libc_a-findfp.o)
 .debug_frame   0x000002dc       0x20 /usr/lib/gcc/arm-none-eabi/13.2.1/../../../arm-none-eabi/lib/thumb/v7e-m+fp/hard/libnosys.a(_exit.o)
